2025-08-07 09:19:18,397 - INFO - --- Computing Configuration ---
2025-08-07 09:19:18,397 - INFO - Platform: Linux 4.18.0-477.27.1.el8_8.x86_64
2025-08-07 09:19:18,397 - INFO - Python version: 3.12.11
2025-08-07 09:19:18,397 - INFO - CUDA available: True
2025-08-07 09:19:18,443 - INFO - CUDA device count: 1
2025-08-07 09:19:18,448 - INFO - CUDA device name: NVIDIA L40S
2025-08-07 09:19:18,448 - INFO - CUDA device capability: (8, 9)
2025-08-07 09:19:18,448 - INFO - CUDA memory allocated: 0.00 GB
2025-08-07 09:19:18,448 - INFO - CUDA memory reserved: 0.00 GB
2025-08-07 09:19:18,448 - INFO - torch version: 2.7.1+cu126
2025-08-07 09:19:18,448 - INFO - Number of CPUs: 64
2025-08-07 09:19:18,448 - INFO - Physical CPU cores: 64
2025-08-07 09:19:18,448 - INFO - TORCH_NUM_THREADS: 1
2025-08-07 09:19:18,449 - INFO - N_WORKERS: 16
2025-08-07 09:19:18,449 - INFO - PARALLEL_BACKEND: thread
2025-08-07 09:19:18,449 - INFO - --------------------------------
2025-08-07 09:19:18,449 - INFO - Starting ABC-RFP procedure with device: cuda
2025-08-07 09:19:18,449 - INFO - Configuration: crps scoring, 60 steps, 50 ensemble size
2025-08-07 09:19:18,979 - INFO - Using temporal resampling: 500 samples per Gibbs step
2025-08-07 09:19:18,981 - INFO - Loading precomputed standardised ERA5 tensor
2025-08-07 09:19:19,097 - INFO - Beginning ABC-Gibbs inference with RFP perturbations
2025-08-07 09:19:39,331 - INFO - Using CRPS as discrepancy measure
2025-08-07 09:19:39,331 - INFO - Temporal resampling enabled: 500 samples per step
2025-08-07 09:20:17,653 - DEBUG - Beginning Gibbs iteration s = 0
2025-08-07 09:20:42,150 - DEBUG - Sampling proposals for variable index v = 0
2025-08-07 09:20:42,150 - DEBUG - Current alpha_v: 0.55786
2025-08-07 09:20:42,150 - DEBUG - Proposal standard deviation alpha_v: 0.05000
2025-08-07 09:20:42,150 - DEBUG - Generated proposals: [0.5288130484340497, 0.5581933851621279, 0.5515175380950588, 0.5142310620849482, 0.6575579527571944, 0.5181143543388714, 0.593015974172841, 0.564009912157987, 0.5285610756918845, 0.4439087053228301]
2025-08-07 09:20:42,166 - DEBUG - previous_fields.shape[1] = 12
2025-08-07 09:20:42,166 - DEBUG - V = 5
2025-08-07 09:20:42,166 - DEBUG - Expected: 2V + S = 12
2025-08-07 09:20:42,167 - DEBUG - Evaluating batched proposals for 10 perturbation(s)
2025-08-07 09:20:42,714 - DEBUG - Calibrating batch size for input shape: torch.Size([100, 12, 32, 64])
2025-08-07 09:20:42,715 - INFO - Memory calibration (Free: 20.4GB/47.7GB)
2025-08-07 09:20:43,221 - DEBUG - Determined optimal batch size: 102
2025-08-07 09:20:44,364 - WARNING - OOM retry 1/5, batch size: 25
2025-08-07 09:23:39,189 - DEBUG - Scores for proposals (variable 0): [0.17527532577514648, 0.17910364270210266, 0.17645201086997986, 0.17298391461372375, 0.1841154843568802, 0.17446796596050262, 0.17984426021575928, 0.17734213173389435, 0.17707259953022003, 0.16958513855934143]
2025-08-07 09:23:39,189 - DEBUG - Selected best proposal index: 9 with score: 0.16959
2025-08-07 09:23:39,189 - DEBUG - Updated alpha [0] = 0.44391
2025-08-07 09:23:40,452 - DEBUG - Sampling proposals for variable index v = 1
2025-08-07 09:23:40,452 - DEBUG - Current alpha_v: 0.68468
2025-08-07 09:23:40,453 - DEBUG - Proposal standard deviation alpha_v: 0.05000
2025-08-07 09:23:40,453 - DEBUG - Generated proposals: [0.6700216416917565, 0.6383862362259395, 0.6859086342978409, 0.6902365504177626, 0.6772463206442146, 0.7121052520686181, 0.6464249243850989, 0.6785695608149807, 0.7007842666781001, 0.66648111135921]
2025-08-07 09:23:40,453 - DEBUG - previous_fields.shape[1] = 12
2025-08-07 09:23:40,453 - DEBUG - V = 5
2025-08-07 09:23:40,453 - DEBUG - Expected: 2V + S = 12
2025-08-07 09:23:40,453 - DEBUG - Evaluating batched proposals for 10 perturbation(s)
2025-08-07 09:23:40,463 - DEBUG - Determined optimal batch size: 25
2025-08-07 09:26:35,709 - DEBUG - Scores for proposals (variable 1): [0.17114686965942383, 0.16897718608379364, 0.16927900910377502, 0.17128369212150574, 0.1694646179676056, 0.17235152423381805, 0.16876259446144104, 0.17005036771297455, 0.17049527168273926, 0.1697395294904709]
2025-08-07 09:26:35,725 - DEBUG - Selected best proposal index: 6 with score: 0.16876
2025-08-07 09:26:35,725 - DEBUG - Updated alpha [1] = 0.64642
2025-08-07 09:26:36,442 - DEBUG - Sampling proposals for variable index v = 2
2025-08-07 09:26:36,442 - DEBUG - Current alpha_v: 0.81286
2025-08-07 09:26:36,442 - DEBUG - Proposal standard deviation alpha_v: 0.05000
2025-08-07 09:26:36,442 - DEBUG - Generated proposals: [0.7617354247254768, 0.8039603069374993, 0.7513978867177815, 0.8846174812714244, 0.8402826423733379, 0.8393875043453434, 0.7575920598188371, 0.8484258691590382, 0.8344043255602606, 0.8900797036037443]
2025-08-07 09:26:36,442 - DEBUG - previous_fields.shape[1] = 12
2025-08-07 09:26:36,442 - DEBUG - V = 5
2025-08-07 09:26:36,442 - DEBUG - Expected: 2V + S = 12
2025-08-07 09:26:36,442 - DEBUG - Evaluating batched proposals for 10 perturbation(s)
2025-08-07 09:26:36,453 - DEBUG - Determined optimal batch size: 25
2025-08-07 09:29:31,754 - DEBUG - Scores for proposals (variable 2): [0.16833078861236572, 0.16930973529815674, 0.1687527745962143, 0.17020216584205627, 0.16999483108520508, 0.16898763179779053, 0.16836562752723694, 0.17041955888271332, 0.1673414707183838, 0.17124170064926147]
2025-08-07 09:29:31,783 - DEBUG - Selected best proposal index: 8 with score: 0.16734
2025-08-07 09:29:31,783 - DEBUG - Updated alpha [2] = 0.83440
2025-08-07 09:29:32,500 - DEBUG - Sampling proposals for variable index v = 3
2025-08-07 09:29:32,500 - DEBUG - Current alpha_v: 0.86752
2025-08-07 09:29:32,500 - DEBUG - Proposal standard deviation alpha_v: 0.05000
2025-08-07 09:29:32,500 - DEBUG - Generated proposals: [0.8588275478284785, 0.8123088264011888, 0.8767856134039873, 0.8100618608208154, 0.7954906330381073, 0.8472515166113821, 0.9278280281598743, 0.8736846887096039, 0.8911164863473479, 0.825125488489697]
2025-08-07 09:29:32,500 - DEBUG - previous_fields.shape[1] = 12
2025-08-07 09:29:32,500 - DEBUG - V = 5
2025-08-07 09:29:32,500 - DEBUG - Expected: 2V + S = 12
2025-08-07 09:29:32,500 - DEBUG - Evaluating batched proposals for 10 perturbation(s)
2025-08-07 09:29:32,510 - DEBUG - Determined optimal batch size: 25
2025-08-07 09:32:28,088 - DEBUG - Scores for proposals (variable 3): [0.16759629547595978, 0.16764365136623383, 0.16893735527992249, 0.1691124141216278, 0.16705705225467682, 0.1689397543668747, 0.1712423413991928, 0.170352503657341, 0.17084944248199463, 0.16875645518302917]
2025-08-07 09:32:28,101 - DEBUG - Selected best proposal index: 4 with score: 0.16706
2025-08-07 09:32:28,101 - DEBUG - Updated alpha [3] = 0.79549
2025-08-07 09:32:28,796 - DEBUG - Sampling proposals for variable index v = 4
2025-08-07 09:32:28,796 - DEBUG - Current alpha_v: 0.66107
2025-08-07 09:32:28,796 - DEBUG - Proposal standard deviation alpha_v: 0.05000
2025-08-07 09:32:28,796 - DEBUG - Generated proposals: [0.6882142259022076, 0.7629121990930428, 0.7608959178243199, 0.6580903648027006, 0.5400325718369774, 0.6768685728721254, 0.7559573478754585, 0.7346242786261226, 0.6735185324709412, 0.6216002363648809]
2025-08-07 09:32:28,796 - DEBUG - previous_fields.shape[1] = 12
2025-08-07 09:32:28,796 - DEBUG - V = 5
2025-08-07 09:32:28,796 - DEBUG - Expected: 2V + S = 12
2025-08-07 09:32:28,796 - DEBUG - Evaluating batched proposals for 10 perturbation(s)
2025-08-07 09:32:29,040 - DEBUG - Determined optimal batch size: 25
2025-08-07 09:35:24,293 - DEBUG - Scores for proposals (variable 4): [0.1677331030368805, 0.16938018798828125, 0.16997554898262024, 0.1657271683216095, 0.16471897065639496, 0.16935469210147858, 0.17062456905841827, 0.17014726996421814, 0.16920578479766846, 0.16609324514865875]
2025-08-07 09:35:24,310 - DEBUG - Selected best proposal index: 4 with score: 0.16472
2025-08-07 09:35:24,310 - DEBUG - Updated alpha [4] = 0.54003
2025-08-07 09:35:25,043 - INFO - Step 1/60: mean CRPS=0.1675
2025-08-07 09:35:25,268 - DEBUG - Beginning Gibbs iteration s = 1
2025-08-07 09:35:59,572 - DEBUG - Sampling proposals for variable index v = 0
2025-08-07 09:35:59,577 - DEBUG - Current alpha_v: 0.44391
2025-08-07 09:35:59,577 - DEBUG - Proposal standard deviation alpha_v: 0.05000
2025-08-07 09:35:59,594 - DEBUG - Generated proposals: [0.4604288614276603, 0.5487869941330258, 0.46377920860885624, 0.4361380909384121, 0.39471257242752716, 0.47952138546044576, 0.5015340077170167, 0.5054372595607352, 0.3931813441574811, 0.4563880805471683]
2025-08-07 09:35:59,595 - DEBUG - previous_fields.shape[1] = 12
2025-08-07 09:35:59,595 - DEBUG - V = 5
2025-08-07 09:35:59,595 - DEBUG - Expected: 2V + S = 12
2025-08-07 09:35:59,595 - DEBUG - Evaluating batched proposals for 10 perturbation(s)
2025-08-07 09:35:59,596 - DEBUG - Determined optimal batch size: 25
2025-08-07 09:38:54,778 - DEBUG - Scores for proposals (variable 0): [0.16746552288532257, 0.17036329209804535, 0.16752973198890686, 0.16420327126979828, 0.161312535405159, 0.16911637783050537, 0.16823704540729523, 0.16887621581554413, 0.16295225918293, 0.16490662097930908]
2025-08-07 09:38:54,803 - DEBUG - Selected best proposal index: 4 with score: 0.16131
2025-08-07 09:38:54,803 - DEBUG - Updated alpha [0] = 0.39471
2025-08-07 09:38:55,512 - DEBUG - Sampling proposals for variable index v = 1
2025-08-07 09:38:55,512 - DEBUG - Current alpha_v: 0.64642
2025-08-07 09:38:55,512 - DEBUG - Proposal standard deviation alpha_v: 0.05000
2025-08-07 09:38:55,512 - DEBUG - Generated proposals: [0.5948711244415584, 0.7657613370222329, 0.6640208282743499, 0.6073262367762845, 0.5600414028395791, 0.7006856928614241, 0.6350819110115933, 0.6736064788869902, 0.6388957722046372, 0.6001786586158653]
2025-08-07 09:38:55,512 - DEBUG - previous_fields.shape[1] = 12
2025-08-07 09:38:55,512 - DEBUG - V = 5
2025-08-07 09:38:55,512 - DEBUG - Expected: 2V + S = 12
2025-08-07 09:38:55,513 - DEBUG - Evaluating batched proposals for 10 perturbation(s)
2025-08-07 09:38:55,522 - DEBUG - Determined optimal batch size: 25
2025-08-07 09:41:50,709 - DEBUG - Scores for proposals (variable 1): [0.16073231399059296, 0.16756661236286163, 0.16311697661876678, 0.16053082048892975, 0.15840859711170197, 0.16400128602981567, 0.1623147875070572, 0.16302458941936493, 0.16144981980323792, 0.1613587588071823]
2025-08-07 09:41:50,729 - DEBUG - Selected best proposal index: 4 with score: 0.15841
2025-08-07 09:41:50,729 - DEBUG - Updated alpha [1] = 0.56004
2025-08-07 09:41:51,425 - DEBUG - Sampling proposals for variable index v = 2
2025-08-07 09:41:51,425 - DEBUG - Current alpha_v: 0.83440
2025-08-07 09:41:51,425 - DEBUG - Proposal standard deviation alpha_v: 0.05000
2025-08-07 09:41:51,425 - DEBUG - Generated proposals: [0.9107596326583183, 0.8707460499509551, 0.82556137906207, 0.7555711960441911, 0.7860962966448021, 0.805425624990044, 0.736012270833239, 0.8685912247654414, 0.8711799441357883, 0.7983220145509482]
2025-08-07 09:41:51,425 - DEBUG - previous_fields.shape[1] = 12
2025-08-07 09:41:51,425 - DEBUG - V = 5
2025-08-07 09:41:51,426 - DEBUG - Expected: 2V + S = 12
2025-08-07 09:41:51,426 - DEBUG - Evaluating batched proposals for 10 perturbation(s)
2025-08-07 09:41:51,670 - DEBUG - Determined optimal batch size: 25
